N N N N N N N N N N N N N N N N N N N N N N N N N N N N N N N N N N N N N N N N N N N N N N N N N N
N N N N N N N N N N N N N N N N N N N N N N N N N N N N N N N N N N N N N N N N N N N N N N N N N N
N N N N N N N N N N N N N N N N N N N N N N N N N N N N N N N N N N N N N N N N N N N N N N N N N N
N N N N N N N N N N N N N N N N N N N N N N N N N N N N N N N N N N N N N N N N N N N N N N N N N N
N N N N W W W W W W W W W W W W W W W W W W W W W W W W W W W W N N N N N N N N N N N N N N N N N N
N N N N W N N N N N N N N N N N N N N N N N N N N N N N N B1 B1 W N N N N N N N N N N N N N N N N N N
N N N N W N N N N N N N N N N N N N N N N N N N N N N N N B1 B1 W N N N N N N N N N N N N N N N N N N
N N N N W P1 W W W W W W W W W W W N N N N N N N N N N N N N N W N N N N N N N N N N N N N N N N N N
N N N N W P1 W N N N N N N N N N W W W W W W W W W W W W W N N W N N N N N N N N N N N N N N N N N N
N N N N W P1 W N N N N N N N N N N N N N N N N N N N N N W N N W N N N N N N N N N N N N N N N N N N
N N N N W P1 W W W W W N N N N N N N N N N N N N N N N N W N N W N N N N N N N N N N N N N N N N N N
N N N N W N N N N N W N N K W W W W W W W W W N N N N N W N N W N N N N N N N N N N N N N N N N N N
N N N N W N N N N W W N N W W N N N N N N N W N N N N N W N N W N N N N N N N N N N N N N N N N N N
N N N N W N N N W W N N W W N N N N N N N N W N N N N N W K N W N N N N N N N N N N N N N N N N N N
N N N N W N N N W N N N W N N N G0 G0 N N N N W N N N N N W K N W N N N N N N N N N N N N N N N N N N
N N N N W N N N W N N W W N N N G0 G0 N N N N W N N S1 N N W W N W N N N N N N N N N N N N N N N N N N
N N N N W N N W K N N W B1 N N N N N N N N N W N N N N N N W N W N N N N N N N N N N N N N N N N N N
N N N N W N N W K N N W W N N N N N N N N N W W N N N N N W N W N N N N N N N N N N N N N N N N N N
N N N N W N N W K N N N W W W W N N N N N N N W W W W W W W N W N N N N N N N N N N N N N N N N N N
N N N N W N N W K N N N N N N W N N N N N N N N N N N N N N N W N N N N N N N N N N N N N N N N N N
N N N N W N N N W N N N N N N N W N N N N N N N N N N N N N N W N N N N N N N N N N N N N N N N N N
N N N N W N N N W N N N N N N N W N W W W W W W W W W K K K N W N N N N N N N N N N N N N N N N N N
N N N N W N N N W W N N K K K K W W W N N N N D1 N N W W W K N W N N N N N N N N N N N N N N N N N N
N N N N W N N N N W N N N N N N N N N N N N N D1 N N G1 G1 W K N W N N N N N N N N N N N N N N N N N N
N N N N W N N N N N N N N N N N N N N N N N N D1 N N G1 G1 W W N W N N N N N N N N N N N N N N N N N N
N N N N W N N N N N N N N N N N N N N N N N N W W W W W W W N W N N N N N N N N N N N N N N N N N N
N N N N W N S0 N N N N N N N N N N N N N N N N N N N N N N N N W N N N N N N N N N N N N N N N N N N
N N N N W N N N N N N N N N N N N N N N N K N N N N N N N N K W N N N N N N N N N N N N N N N N N N
N N N N W W W W W W W W W W W W W W W W W W W W W W W W W W W W N N N N N N N N N N N N N N N N N N
N N N N N N N N N N N N N N N N N N N N N N N N N N N N N N N N N N N N N N N N N N N N N N N N N N
N N N N N N N N N N N N N N N N N N N N N N N N N N N N N N N N N N N N N N N N N N N N N N N N N N
N N N N N N N N N N N N N N N N N N N N N N N N N N N N N N N N N N N N N N N N N N N N N N N N N N
N N N N N N N N N N N N N N N N N N N N N N N N N N N N N N N N N N N N N N N N N N N N N N N N N N
N N N N N N N N N N N N N N N N N N N N N N N N N N N N N N N N N N N N N N N N N N N N N N N N N N
N N N N N N N N N N N N N N N N N N N N N N N N N N N N N N N N N N N N N N N N N N N N N N N N N N
N N N N N N N N N N N N N N N N N N N N N N N N N N N N N N N N N N N N N N N N N N N N N N N N N N
N N N N N N N N N N N N N N N N N N N N N N N N N N N N N N N N N N N N N N N N N N N N N N N N N N
N N N N N N N N N N N N N N N N N N N N N N N N N N N N N N N N N N N N N N N N N N N N N N N N N N
N N N N N N N N N N N N N N N N N N N N N N N N N N N N N N N N N N N N N N N N N N N N N N N N N N
N N N N N N N N N N N N N N N N N N N N N N N N N N N N N N N N N N N N N N N N N N N N N N N N N N
N N N N N N N N N N N N N N N N N N N N N N N N N N N N N N N N N N N N N N N N N N N N N N N N N N
N N N N N N N N N N N N N N N N N N N N N N N N N N N N N N N N N N N N N N N N N N N N N N N N N N
N N N N N N N N N N N N N N N N N N N N N N N N N N N N N N N N N N N N N N N N N N N N N N N N N N
N N N N N N N N N N N N N N N N N N N N N N N N N N N N N N N N N N N N N N N N N N N N N N N N N N
N N N N N N N N N N N N N N N N N N N N N N N N N N N N N N N N N N N N N N N N N N N N N N N N N N
N N N N N N N N N N N N N N N N N N N N N N N N N N N N N N N N N N N N N N N N N N N N N N N N N N
N N N N N N N N N N N N N N N N N N N N N N N N N N N N N N N N N N N N N N N N N N N N N N N N N N
N N N N N N N N N N N N N N N N N N N N N N N N N N N N N N N N N N N N N N N N N N N N N N N N N N
N N N N N N N N N N N N N N N N N N N N N N N N N N N N N N N N N N N N N N N N N N N N N N N N N N
N N N N N N N N N N N N N N N N N N N N N N N N N N N N N N N N N N N N N N N N N N N N N N N N N N
